// Jest Snapshot v1, https://goo.gl/fbAQLP

exports[`ArtistQuestionScreen correctly renders after relaunch 1`] = `
<section
  className="game game--artist"
>
  <header
    className="game__header"
  >
    <a
      className="game__back"
      href="#"
    >
      <span
        className="visually-hidden"
      >
        Сыграть ещё раз
      </span>
      <img
        alt="Угадай мелодию"
        className="game__logo"
        src="img/melody-logo-ginger.png"
      />
    </a>
    <svg
      className="timer"
      viewBox="0 0 780 780"
      xmlns="http://www.w3.org/2000/svg"
    >
      <circle
        className="timer__line"
        cx="390"
        cy="390"
        r="370"
        style={
          Object {
            "filter": "url(#blur)",
            "transform": "rotate(-90deg) scaleY(-1)",
            "transformOrigin": "center",
          }
        }
      />
    </svg>
    <div
      className="timer__value"
      xmlns="http://www.w3.org/1999/xhtml"
    >
      <span
        className="timer__mins"
      >
        05
      </span>
      <span
        className="timer__dots"
      >
        :
      </span>
      <span
        className="timer__secs"
      >
        00
      </span>
    </div>
    <div
      className="game__mistakes"
    >
      <div
        className="wrong"
      />
      <div
        className="wrong"
      />
      <div
        className="wrong"
      />
    </div>
  </header>
  <section
    className="game__screen"
  >
    <h2
      className="game__title"
    >
      Кто исполняет эту песню?
    </h2>
    <div
      className="game__track"
    >
      <div
        className="track"
      >
        <button
          className="track__button track__button--play"
          type="button"
        />
        <div
          className="track__status"
        >
          <audio />
        </div>
      </div>
    </div>
    <form
      className="game__artist"
      onChange={[Function]}
    >
      <div
        className="artist"
      >
        <input
          className="artist__input visually-hidden"
          id="answer-20"
          name="answer"
          type="radio"
          value="answer-20"
        />
        <label
          className="artist__name"
          htmlFor="answer-20"
        >
          <img
            alt="Katy Perry"
            className="artist__picture"
            src="https://s1.r29static.com/bin/entry/5cc/340x408,85/2166451/image.webp"
          />
          Katy Perry
        </label>
      </div>
      <div
        className="artist"
      >
        <input
          className="artist__input visually-hidden"
          id="answer-21"
          name="answer"
          type="radio"
          value="answer-21"
        />
        <label
          className="artist__name"
          htmlFor="answer-21"
        >
          <img
            alt="Lady Gaga"
            className="artist__picture"
            src="https://www.rollingstone.com/wp-content/uploads/2019/03/shutterstock_10112916nc.jpg?resize=900,600&w=1200"
          />
          Lady Gaga
        </label>
      </div>
      <div
        className="artist"
      >
        <input
          className="artist__input visually-hidden"
          id="answer-22"
          name="answer"
          type="radio"
          value="answer-22"
        />
        <label
          className="artist__name"
          htmlFor="answer-22"
        >
          <img
            alt="Cristina Aguilera"
            className="artist__picture"
            src="https://s2.r29static.com/bin/entry/388/340x408,85/2225382/image.webp"
          />
          Cristina Aguilera
        </label>
      </div>
    </form>
  </section>
</section>
`;
